
> backend@0.0.1 build
> nest build

[96msrc/main.ts[0m:[93m9[0m:[93m11[0m - [91merror[0m[90m TS2349: [0mThis expression is not callable.
  Type 'typeof cookieParser' has no call signatures.

[7m9[0m   app.use(cookieParser());
[7m [0m [91m          ~~~~~~~~~~~~[0m

  [96msrc/main.ts[0m:[93m4[0m:[93m1[0m
    [7m4[0m import * as cookieParser from 'cookie-parser';
    [7m [0m [96m~~~~~~~~~~~~~~~~~~~~~~~~~~~~~~~~~~~~~~~~~~~~~~[0m
    Type originates at this import. A namespace-style import cannot be called or constructed, and will cause a failure at runtime. Consider using a default import or import require here instead.
[96msrc/modules/ai/ai.service.ts[0m:[93m5[0m:[93m33[0m - [91merror[0m[90m TS2307: [0mCannot find module 'date-fns' or its corresponding type declarations.

[7m5[0m import { subDays, format } from 'date-fns';
[7m [0m [91m                                ~~~~~~~~~~[0m
[96msrc/modules/ai/ai.service.ts[0m:[93m48[0m:[93m25[0m - [91merror[0m[90m TS2345: [0mArgument of type 'string | null' is not assignable to parameter of type 'string'.
  Type 'null' is not assignable to type 'string'.

[7m48[0m       return JSON.parse(response.choices[0].message.content);
[7m  [0m [91m                        ~~~~~~~~~~~~~~~~~~~~~~~~~~~~~~~~~~~[0m
[96msrc/modules/ai/ai.service.ts[0m:[93m60[0m:[93m41[0m - [91merror[0m[90m TS2339: [0mProperty 'dailyLog' does not exist on type 'PrismaService'.

[7m60[0m     const last7Days = await this.prisma.dailyLog.findMany({
[7m  [0m [91m                                        ~~~~~~~~[0m
[96msrc/modules/ai/ai.service.ts[0m:[93m68[0m:[93m43[0m - [91merror[0m[90m TS2339: [0mProperty 'cycle' does not exist on type 'PrismaService'.

[7m68[0m     const activeCycle = await this.prisma.cycle.findFirst({
[7m  [0m [91m                                          ~~~~~[0m
[96msrc/modules/alert/alert.service.ts[0m:[93m3[0m:[93m10[0m - [91merror[0m[90m TS2305: [0mModule '"@prisma/client"' has no exported member 'AlertLevel'.

[7m3[0m import { AlertLevel } from '@prisma/client';
[7m [0m [91m         ~~~~~~~~~~[0m
[96msrc/modules/alert/alert.service.ts[0m:[93m4[0m:[93m43[0m - [91merror[0m[90m TS2307: [0mCannot find module 'date-fns' or its corresponding type declarations.

[7m4[0m import { subDays, differenceInDays } from 'date-fns';
[7m [0m [91m                                          ~~~~~~~~~~[0m
[96msrc/modules/alert/alert.service.ts[0m:[93m11[0m:[93m24[0m - [91merror[0m[90m TS2339: [0mProperty 'alert' does not exist on type 'PrismaService'.

[7m11[0m     return this.prisma.alert.findMany({
[7m  [0m [91m                       ~~~~~[0m
[96msrc/modules/alert/alert.service.ts[0m:[93m18[0m:[93m24[0m - [91merror[0m[90m TS2339: [0mProperty 'alert' does not exist on type 'PrismaService'.

[7m18[0m     return this.prisma.alert.update({
[7m  [0m [91m                       ~~~~~[0m
[96msrc/modules/alert/alert.service.ts[0m:[93m28[0m:[93m43[0m - [91merror[0m[90m TS2339: [0mProperty 'cycle' does not exist on type 'PrismaService'.

[7m28[0m     const activeCycle = await this.prisma.cycle.findFirst({
[7m  [0m [91m                                          ~~~~~[0m
[96msrc/modules/alert/alert.service.ts[0m:[93m36[0m:[93m21[0m - [91merror[0m[90m TS2345: [0mArgument of type '{ title: string; message: string; level: any; }' is not assignable to parameter of type 'never'.

[7m 36[0m         alerts.push({
[7m   [0m [91m                    ~[0m
[7m 37[0m           title: 'Cycle Delay Detected',
[7m   [0m [91m~~~~~~~~~~~~~~~~~~~~~~~~~~~~~~~~~~~~~~~~[0m
[7m...[0m 
[7m 39[0m           level: AlertLevel.MEDICAL_SUGGESTION,
[7m   [0m [91m~~~~~~~~~~~~~~~~~~~~~~~~~~~~~~~~~~~~~~~~~~~~~~~[0m
[7m 40[0m         });
[7m   [0m [91m~~~~~~~~~[0m
[96msrc/modules/alert/alert.service.ts[0m:[93m45[0m:[93m42[0m - [91merror[0m[90m TS2339: [0mProperty 'dailyLog' does not exist on type 'PrismaService'.

[7m45[0m     const recentLogs = await this.prisma.dailyLog.findMany({
[7m  [0m [91m                                         ~~~~~~~~[0m
[96msrc/modules/alert/alert.service.ts[0m:[93m57[0m:[93m19[0m - [91merror[0m[90m TS2345: [0mArgument of type '{ title: string; message: string; level: any; }' is not assignable to parameter of type 'never'.

[7m 57[0m       alerts.push({
[7m   [0m [91m                  ~[0m
[7m 58[0m         title: 'Increased Symptom Intensity',
[7m   [0m [91m~~~~~~~~~~~~~~~~~~~~~~~~~~~~~~~~~~~~~~~~~~~~~[0m
[7m...[0m 
[7m 60[0m         level: AlertLevel.ATTENTION,
[7m   [0m [91m~~~~~~~~~~~~~~~~~~~~~~~~~~~~~~~~~~~~[0m
[7m 61[0m       });
[7m   [0m [91m~~~~~~~[0m
[96msrc/modules/alert/alert.service.ts[0m:[93m67[0m:[93m19[0m - [91merror[0m[90m TS2345: [0mArgument of type '{ title: string; message: string; level: any; }' is not assignable to parameter of type 'never'.

[7m 67[0m       alerts.push({
[7m   [0m [91m                  ~[0m
[7m 68[0m         title: 'Hydration Goal Missed',
[7m   [0m [91m~~~~~~~~~~~~~~~~~~~~~~~~~~~~~~~~~~~~~~~[0m
[7m...[0m 
[7m 70[0m         level: AlertLevel.INFO,
[7m   [0m [91m~~~~~~~~~~~~~~~~~~~~~~~~~~~~~~~[0m
[7m 71[0m       });
[7m   [0m [91m~~~~~~~[0m
[96msrc/modules/alert/alert.service.ts[0m:[93m76[0m:[93m42[0m - [91merror[0m[90m TS2339: [0mProperty 'alert' does not exist on type 'PrismaService'.

[7m76[0m       const existing = await this.prisma.alert.findFirst({
[7m  [0m [91m                                         ~~~~~[0m
[96msrc/modules/alert/alert.service.ts[0m:[93m79[0m:[93m24[0m - [91merror[0m[90m TS2339: [0mProperty 'title' does not exist on type 'never'.

[7m79[0m           title: alert.title,
[7m  [0m [91m                       ~~~~~[0m
[96msrc/modules/alert/alert.service.ts[0m:[93m85[0m:[93m27[0m - [91merror[0m[90m TS2339: [0mProperty 'alert' does not exist on type 'PrismaService'.

[7m85[0m         await this.prisma.alert.create({
[7m  [0m [91m                          ~~~~~[0m
[96msrc/modules/alert/alert.service.ts[0m:[93m86[0m:[93m19[0m - [91merror[0m[90m TS2698: [0mSpread types may only be created from object types.

[7m86[0m           data: { ...alert, userId },
[7m  [0m [91m                  ~~~~~~~~[0m
[96msrc/modules/alert/alert.service.ts[0m:[93m95[0m:[93m24[0m - [91merror[0m[90m TS2339: [0mProperty 'alert' does not exist on type 'PrismaService'.

[7m95[0m     return this.prisma.alert.delete({
[7m  [0m [91m                       ~~~~~[0m
[96msrc/modules/analytics/analytics.service.ts[0m:[93m3[0m:[93m47[0m - [91merror[0m[90m TS2307: [0mCannot find module 'date-fns' or its corresponding type declarations.

[7m3[0m import { subDays, startOfDay, endOfDay } from 'date-fns';
[7m [0m [91m                                              ~~~~~~~~~~[0m
[96msrc/modules/analytics/analytics.service.ts[0m:[93m10[0m:[93m41[0m - [91merror[0m[90m TS2339: [0mProperty 'dailyLog' does not exist on type 'PrismaService'.

[7m10[0m     const last7Days = await this.prisma.dailyLog.findMany({
[7m  [0m [91m                                        ~~~~~~~~[0m
[96msrc/modules/analytics/analytics.service.ts[0m:[93m20[0m:[93m38[0m - [91merror[0m[90m TS2339: [0mProperty 'cycle' does not exist on type 'PrismaService'.

[7m20[0m     const cycles = await this.prisma.cycle.findMany({
[7m  [0m [91m                                     ~~~~~[0m
[96msrc/modules/analytics/analytics.service.ts[0m:[93m56[0m:[93m21[0m - [91merror[0m[90m TS2345: [0mArgument of type '{ title: string; description: string; type: string; }' is not assignable to parameter of type 'never'.

[7m 56[0m       insights.push({
[7m   [0m [91m                    ~[0m
[7m 57[0m         title: 'Sleep Inconsistency',
[7m   [0m [91m~~~~~~~~~~~~~~~~~~~~~~~~~~~~~~~~~~~~~[0m
[7m...[0m 
[7m 59[0m         type: 'warning',
[7m   [0m [91m~~~~~~~~~~~~~~~~~~~~~~~~[0m
[7m 60[0m       });
[7m   [0m [91m~~~~~~~[0m
[96msrc/modules/analytics/analytics.service.ts[0m:[93m62[0m:[93m21[0m - [91merror[0m[90m TS2345: [0mArgument of type '{ title: string; description: string; type: string; }' is not assignable to parameter of type 'never'.

[7m 62[0m       insights.push({
[7m   [0m [91m                    ~[0m
[7m 63[0m         title: 'Restful Week',
[7m   [0m [91m~~~~~~~~~~~~~~~~~~~~~~~~~~~~~~[0m
[7m...[0m 
[7m 65[0m         type: 'success',
[7m   [0m [91m~~~~~~~~~~~~~~~~~~~~~~~~[0m
[7m 66[0m       });
[7m   [0m [91m~~~~~~~[0m
[96msrc/modules/analytics/analytics.service.ts[0m:[93m70[0m:[93m21[0m - [91merror[0m[90m TS2345: [0mArgument of type '{ title: string; description: string; type: string; }' is not assignable to parameter of type 'never'.

[7m 70[0m       insights.push({
[7m   [0m [91m                    ~[0m
[7m 71[0m         title: 'Hydration Gap',
[7m   [0m [91m~~~~~~~~~~~~~~~~~~~~~~~~~~~~~~~[0m
[7m...[0m 
[7m 73[0m         type: 'info',
[7m   [0m [91m~~~~~~~~~~~~~~~~~~~~~[0m
[7m 74[0m       });
[7m   [0m [91m~~~~~~~[0m
[96msrc/modules/analytics/analytics.service.ts[0m:[93m85[0m:[93m28[0m - [91merror[0m[90m TS2345: [0mArgument of type '{ category: string; action: string; tip: string; }' is not assignable to parameter of type 'never'.

[7m 85[0m       recommendations.push({
[7m   [0m [91m                           ~[0m
[7m 86[0m         category: 'Rest',
[7m   [0m [91m~~~~~~~~~~~~~~~~~~~~~~~~~[0m
[7m...[0m 
[7m 88[0m         tip: 'Try reading or meditation instead of screens before bed.',
[7m   [0m [91m~~~~~~~~~~~~~~~~~~~~~~~~~~~~~~~~~~~~~~~~~~~~~~~~~~~~~~~~~~~~~~~~~~~~~~~~[0m
[7m 89[0m       });
[7m   [0m [91m~~~~~~~[0m
[96msrc/modules/analytics/analytics.service.ts[0m:[93m93[0m:[93m28[0m - [91merror[0m[90m TS2345: [0mArgument of type '{ category: string; action: string; tip: string; }' is not assignable to parameter of type 'never'.

[7m 93[0m       recommendations.push({
[7m   [0m [91m                           ~[0m
[7m 94[0m         category: 'Nutrition',
[7m   [0m [91m~~~~~~~~~~~~~~~~~~~~~~~~~~~~~~[0m
[7m...[0m 
[7m 96[0m         tip: 'Keep a glass of water on your nightstand to start hydrating early.',
[7m   [0m [91m~~~~~~~~~~~~~~~~~~~~~~~~~~~~~~~~~~~~~~~~~~~~~~~~~~~~~~~~~~~~~~~~~~~~~~~~~~~~~~~~~~[0m
[7m 97[0m       });
[7m   [0m [91m~~~~~~~[0m
[96msrc/modules/analytics/analytics.service.ts[0m:[93m101[0m:[93m28[0m - [91merror[0m[90m TS2345: [0mArgument of type '{ category: string; action: string; tip: string; }' is not assignable to parameter of type 'never'.

[7m101[0m       recommendations.push({
[7m   [0m [91m                           ~[0m
[7m102[0m         category: 'Activity',
[7m   [0m [91m~~~~~~~~~~~~~~~~~~~~~~~~~~~~~[0m
[7m...[0m 
[7m104[0m         tip: 'Light movement can help alleviate the discomfort you logged recently.',
[7m   [0m [91m~~~~~~~~~~~~~~~~~~~~~~~~~~~~~~~~~~~~~~~~~~~~~~~~~~~~~~~~~~~~~~~~~~~~~~~~~~~~~~~~~~~~~[0m
[7m105[0m       });
[7m   [0m [91m~~~~~~~[0m
[96msrc/modules/analytics/analytics.service.ts[0m:[93m110[0m:[93m28[0m - [91merror[0m[90m TS2345: [0mArgument of type '{ category: string; action: string; tip: string; }' is not assignable to parameter of type 'never'.

[7m110[0m       recommendations.push({
[7m   [0m [91m                           ~[0m
[7m111[0m         category: 'Wellness',
[7m   [0m [91m~~~~~~~~~~~~~~~~~~~~~~~~~~~~~[0m
[7m...[0m 
[7m113[0m         tip: 'Consistency is your greatest strength in body literacy.',
[7m   [0m [91m~~~~~~~~~~~~~~~~~~~~~~~~~~~~~~~~~~~~~~~~~~~~~~~~~~~~~~~~~~~~~~~~~~~~~~~[0m
[7m114[0m       });
[7m   [0m [91m~~~~~~~[0m
[96msrc/modules/article/article.service.ts[0m:[93m9[0m:[93m37[0m - [91merror[0m[90m TS2339: [0mProperty 'article' does not exist on type 'PrismaService'.

[7m9[0m     const count = await this.prisma.article.count();
[7m [0m [91m                                    ~~~~~~~[0m
[96msrc/modules/article/article.service.ts[0m:[93m16[0m:[93m24[0m - [91merror[0m[90m TS2339: [0mProperty 'article' does not exist on type 'PrismaService'.

[7m16[0m     return this.prisma.article.findMany({
[7m  [0m [91m                       ~~~~~~~[0m
[96msrc/modules/article/article.service.ts[0m:[93m33[0m:[93m24[0m - [91merror[0m[90m TS2339: [0mProperty 'article' does not exist on type 'PrismaService'.

[7m33[0m     return this.prisma.article.findUnique({
[7m  [0m [91m                       ~~~~~~~[0m
[96msrc/modules/article/article.service.ts[0m:[93m74[0m:[93m25[0m - [91merror[0m[90m TS2339: [0mProperty 'article' does not exist on type 'PrismaService'.

[7m74[0m       await this.prisma.article.upsert({
[7m  [0m [91m                        ~~~~~~~[0m
[96msrc/modules/auth/auth.controller.ts[0m:[93m27[0m:[93m38[0m - [91merror[0m[90m TS1272: [0mA type referenced in a decorated signature must be imported with 'import type' or a namespace import when 'isolatedModules' and 'emitDecoratorMetadata' are enabled.

[7m27[0m     @Res({ passthrough: true }) res: Response,
[7m  [0m [91m                                     ~~~~~~~~[0m

  [96msrc/modules/auth/auth.controller.ts[0m:[93m11[0m:[93m10[0m
    [7m11[0m import { Response, Request } from 'express';
    [7m  [0m [96m         ~~~~~~~~[0m
    'Response' was imported here.
[96msrc/modules/auth/auth.controller.ts[0m:[93m39[0m:[93m38[0m - [91merror[0m[90m TS1272: [0mA type referenced in a decorated signature must be imported with 'import type' or a namespace import when 'isolatedModules' and 'emitDecoratorMetadata' are enabled.

[7m39[0m     @Res({ passthrough: true }) res: Response,
[7m  [0m [91m                                     ~~~~~~~~[0m

  [96msrc/modules/auth/auth.controller.ts[0m:[93m11[0m:[93m10[0m
    [7m11[0m import { Response, Request } from 'express';
    [7m  [0m [96m         ~~~~~~~~[0m
    'Response' was imported here.
[96msrc/modules/auth/auth.controller.ts[0m:[93m50[0m:[93m38[0m - [91merror[0m[90m TS1272: [0mA type referenced in a decorated signature must be imported with 'import type' or a namespace import when 'isolatedModules' and 'emitDecoratorMetadata' are enabled.

[7m50[0m     @Res({ passthrough: true }) res: Response,
[7m  [0m [91m                                     ~~~~~~~~[0m

  [96msrc/modules/auth/auth.controller.ts[0m:[93m11[0m:[93m10[0m
    [7m11[0m import { Response, Request } from 'express';
    [7m  [0m [96m         ~~~~~~~~[0m
    'Response' was imported here.
[96msrc/modules/auth/auth.controller.ts[0m:[93m64[0m:[93m38[0m - [91merror[0m[90m TS1272: [0mA type referenced in a decorated signature must be imported with 'import type' or a namespace import when 'isolatedModules' and 'emitDecoratorMetadata' are enabled.

[7m64[0m     @Res({ passthrough: true }) res: Response,
[7m  [0m [91m                                     ~~~~~~~~[0m

  [96msrc/modules/auth/auth.controller.ts[0m:[93m11[0m:[93m10[0m
    [7m11[0m import { Response, Request } from 'express';
    [7m  [0m [96m         ~~~~~~~~[0m
    'Response' was imported here.
[96msrc/modules/auth/auth.service.ts[0m:[93m20[0m:[93m39[0m - [91merror[0m[90m TS2339: [0mProperty 'user' does not exist on type 'PrismaService'.

[7m20[0m     const newUser = await this.prisma.user.create({
[7m  [0m [91m                                      ~~~~[0m
[96msrc/modules/auth/auth.service.ts[0m:[93m35[0m:[93m36[0m - [91merror[0m[90m TS2339: [0mProperty 'user' does not exist on type 'PrismaService'.

[7m35[0m     const user = await this.prisma.user.findUnique({
[7m  [0m [91m                                   ~~~~[0m
[96msrc/modules/auth/auth.service.ts[0m:[93m53[0m:[93m23[0m - [91merror[0m[90m TS2339: [0mProperty 'user' does not exist on type 'PrismaService'.

[7m53[0m     await this.prisma.user.updateMany({
[7m  [0m [91m                      ~~~~[0m
[96msrc/modules/auth/auth.service.ts[0m:[93m67[0m:[93m36[0m - [91merror[0m[90m TS2339: [0mProperty 'user' does not exist on type 'PrismaService'.

[7m67[0m     const user = await this.prisma.user.findUnique({
[7m  [0m [91m                                   ~~~~[0m
[96msrc/modules/auth/auth.service.ts[0m:[93m85[0m:[93m23[0m - [91merror[0m[90m TS2339: [0mProperty 'user' does not exist on type 'PrismaService'.

[7m85[0m     await this.prisma.user.update({
[7m  [0m [91m                      ~~~~[0m
[96msrc/modules/auth/guards/at.guard.ts[0m:[93m3[0m:[93m27[0m - [91merror[0m[90m TS2307: [0mCannot find module '@nestjs/passport' or its corresponding type declarations.

[7m3[0m import { AuthGuard } from '@nestjs/passport';
[7m [0m [91m                          ~~~~~~~~~~~~~~~~~~[0m
[96msrc/modules/auth/guards/rt.guard.ts[0m:[93m2[0m:[93m27[0m - [91merror[0m[90m TS2307: [0mCannot find module '@nestjs/passport' or its corresponding type declarations.

[7m2[0m import { AuthGuard } from '@nestjs/passport';
[7m [0m [91m                          ~~~~~~~~~~~~~~~~~~[0m
[96msrc/modules/auth/strategies/at.strategy.ts[0m:[93m3[0m:[93m34[0m - [91merror[0m[90m TS2307: [0mCannot find module '@nestjs/passport' or its corresponding type declarations.

[7m3[0m import { PassportStrategy } from '@nestjs/passport';
[7m [0m [91m                                 ~~~~~~~~~~~~~~~~~~[0m
[96msrc/modules/auth/strategies/rt.strategy.ts[0m:[93m3[0m:[93m34[0m - [91merror[0m[90m TS2307: [0mCannot find module '@nestjs/passport' or its corresponding type declarations.

[7m3[0m import { PassportStrategy } from '@nestjs/passport';
[7m [0m [91m                                 ~~~~~~~~~~~~~~~~~~[0m
[96msrc/modules/cycle/cycle.service.ts[0m:[93m10[0m:[93m24[0m - [91merror[0m[90m TS2339: [0mProperty 'cycle' does not exist on type 'PrismaService'.

[7m10[0m     return this.prisma.cycle.create({
[7m  [0m [91m                       ~~~~~[0m
[96msrc/modules/cycle/cycle.service.ts[0m:[93m19[0m:[93m24[0m - [91merror[0m[90m TS2339: [0mProperty 'cycle' does not exist on type 'PrismaService'.

[7m19[0m     return this.prisma.cycle.findMany({
[7m  [0m [91m                       ~~~~~[0m
[96msrc/modules/cycle/cycle.service.ts[0m:[93m26[0m:[93m24[0m - [91merror[0m[90m TS2339: [0mProperty 'cycle' does not exist on type 'PrismaService'.

[7m26[0m     return this.prisma.cycle.findFirst({
[7m  [0m [91m                       ~~~~~[0m
[96msrc/modules/cycle/cycle.service.ts[0m:[93m36[0m:[93m24[0m - [91merror[0m[90m TS2339: [0mProperty 'cycle' does not exist on type 'PrismaService'.

[7m36[0m     return this.prisma.cycle.update({
[7m  [0m [91m                       ~~~~~[0m
[96msrc/modules/cycle/cycle.service.ts[0m:[93m43[0m:[93m38[0m - [91merror[0m[90m TS2339: [0mProperty 'cycle' does not exist on type 'PrismaService'.

[7m43[0m     const cycles = await this.prisma.cycle.findMany({
[7m  [0m [91m                                     ~~~~~[0m
[96msrc/modules/log/log.service.ts[0m:[93m14[0m:[93m24[0m - [91merror[0m[90m TS2339: [0mProperty 'dailyLog' does not exist on type 'PrismaService'.

[7m14[0m     return this.prisma.dailyLog.upsert({
[7m  [0m [91m                       ~~~~~~~~[0m
[96msrc/modules/log/log.service.ts[0m:[93m34[0m:[93m24[0m - [91merror[0m[90m TS2339: [0mProperty 'dailyLog' does not exist on type 'PrismaService'.

[7m34[0m     return this.prisma.dailyLog.findUnique({
[7m  [0m [91m                       ~~~~~~~~[0m
[96msrc/modules/log/log.service.ts[0m:[93m45[0m:[93m24[0m - [91merror[0m[90m TS2339: [0mProperty 'dailyLog' does not exist on type 'PrismaService'.

[7m45[0m     return this.prisma.dailyLog.findMany({
[7m  [0m [91m                       ~~~~~~~~[0m
[96msrc/modules/prisma/prisma.service.ts[0m:[93m2[0m:[93m10[0m - [91merror[0m[90m TS2305: [0mModule '"@prisma/client"' has no exported member 'PrismaClient'.

[7m2[0m import { PrismaClient } from '@prisma/client';
[7m [0m [91m         ~~~~~~~~~~~~[0m
[96msrc/modules/prisma/prisma.service.ts[0m:[93m7[0m:[93m16[0m - [91merror[0m[90m TS2339: [0mProperty '$connect' does not exist on type 'PrismaService'.

[7m7[0m     await this.$connect();
[7m [0m [91m               ~~~~~~~~[0m
[96msrc/modules/prisma/prisma.service.ts[0m:[93m11[0m:[93m16[0m - [91merror[0m[90m TS2339: [0mProperty '$disconnect' does not exist on type 'PrismaService'.

[7m11[0m     await this.$disconnect();
[7m  [0m [91m               ~~~~~~~~~~~[0m
[96msrc/modules/report/report.controller.ts[0m:[93m16[0m:[93m70[0m - [91merror[0m[90m TS1272: [0mA type referenced in a decorated signature must be imported with 'import type' or a namespace import when 'isolatedModules' and 'emitDecoratorMetadata' are enabled.

[7m16[0m   async exportReport(@GetCurrentUserId() userId: string, @Res() res: Response) {
[7m  [0m [91m                                                                     ~~~~~~~~[0m

  [96msrc/modules/report/report.controller.ts[0m:[93m2[0m:[93m10[0m
    [7m2[0m import { Response } from 'express';
    [7m [0m [96m         ~~~~~~~~[0m
    'Response' was imported here.
[96msrc/modules/report/report.service.ts[0m:[93m3[0m:[93m33[0m - [91merror[0m[90m TS2307: [0mCannot find module 'date-fns' or its corresponding type declarations.

[7m3[0m import { subDays, format } from 'date-fns';
[7m [0m [91m                                ~~~~~~~~~~[0m
[96msrc/modules/report/report.service.ts[0m:[93m13[0m:[93m36[0m - [91merror[0m[90m TS2339: [0mProperty 'user' does not exist on type 'PrismaService'.

[7m13[0m     const user = await this.prisma.user.findUnique({ where: { id: userId } });
[7m  [0m [91m                                   ~~~~[0m
[96msrc/modules/report/report.service.ts[0m:[93m14[0m:[93m38[0m - [91merror[0m[90m TS2339: [0mProperty 'cycle' does not exist on type 'PrismaService'.

[7m14[0m     const cycles = await this.prisma.cycle.findMany({
[7m  [0m [91m                                     ~~~~~[0m
[96msrc/modules/report/report.service.ts[0m:[93m20[0m:[93m36[0m - [91merror[0m[90m TS2339: [0mProperty 'dailyLog' does not exist on type 'PrismaService'.

[7m20[0m     const logs = await this.prisma.dailyLog.findMany({
[7m  [0m [91m                                   ~~~~~~~~[0m
[96msrc/modules/report/report.service.ts[0m:[93m90[0m:[93m36[0m - [91merror[0m[90m TS2339: [0mProperty 'dailyLog' does not exist on type 'PrismaService'.

[7m90[0m     const logs = await this.prisma.dailyLog.findMany({
[7m  [0m [91m                                   ~~~~~~~~[0m

Found 63 error(s).

